============================= test session starts =============================
platform win32 -- Python 3.13.5, pytest-9.0.2, pluggy-1.6.0 -- C:\Users\Arnav\AppData\Local\Programs\Python\Python313\python.exe
cachedir: .pytest_cache
metadata: {'Python': '3.13.5', 'Platform': 'Windows-11-10.0.26200-SP0', 'Packages': {'pytest': '9.0.2', 'pluggy': '1.6.0'}, 'JAVA_HOME': 'C:\\Program Files\\Eclipse Adoptium\\jdk-17.0.13.11-hotspot\\'}
rootdir: C:\Users\Arnav\Desktop\Inventory Management and Maintainance System\stocksense
plugins: anyio-4.12.0, langsmith-0.4.59, html-4.2.0, metadata-3.1.1
collecting ... collected 44 items

tests/test_stocksense.py::TestAuthentication::test_01_login_page_elements PASSED [  2%]
tests/test_stocksense.py::TestAuthentication::test_02_demo_credential_buttons PASSED [  4%]
tests/test_stocksense.py::TestAuthentication::test_03_password_toggle PASSED [  6%]
tests/test_stocksense.py::TestAuthentication::test_04_invalid_login PASSED [  9%]
tests/test_stocksense.py::TestAuthentication::test_05_successful_login PASSED [ 11%]
tests/test_stocksense.py::TestDashboard::test_01_dashboard_loads PASSED  [ 13%]
tests/test_stocksense.py::TestDashboard::test_02_stat_cards_present PASSED [ 15%]
tests/test_stocksense.py::TestDashboard::test_03_stat_values_non_zero PASSED [ 18%]
tests/test_stocksense.py::TestDashboard::test_04_quick_actions_present PASSED [ 20%]
tests/test_stocksense.py::TestDashboard::test_05_charts_render FAILED    [ 22%]
tests/test_stocksense.py::TestNavigation::test_01_sidebar_links PASSED   [ 25%]
tests/test_stocksense.py::TestNavigation::test_02_navigate_to_inventory PASSED [ 27%]
tests/test_stocksense.py::TestNavigation::test_03_navigate_to_transactions PASSED [ 29%]
tests/test_stocksense.py::TestNavigation::test_04_navigate_to_reports PASSED [ 31%]
tests/test_stocksense.py::TestNavigation::test_05_navigate_to_users PASSED [ 34%]
tests/test_stocksense.py::TestNavigation::test_06_topbar_present PASSED  [ 36%]
tests/test_stocksense.py::TestNavigation::test_07_notification_bell PASSED [ 38%]
tests/test_stocksense.py::TestInventory::test_01_inventory_page_loads PASSED [ 40%]
tests/test_stocksense.py::TestInventory::test_02_inventory_table_present PASSED [ 43%]
tests/test_stocksense.py::TestInventory::test_03_stock_items_displayed FAILED [ 45%]
tests/test_stocksense.py::TestInventory::test_04_add_stock_button FAILED [ 47%]
tests/test_stocksense.py::TestInventory::test_05_search_filter FAILED    [ 50%]
tests/test_stocksense.py::TestInventory::test_06_inventory_detail_page PASSED [ 52%]
tests/test_stocksense.py::TestAddStock::test_01_form_loads PASSED        [ 54%]
tests/test_stocksense.py::TestAddStock::test_02_form_fields_present PASSED [ 56%]
tests/test_stocksense.py::TestAddStock::test_03_form_validation PASSED   [ 59%]
tests/test_stocksense.py::TestTransactions::test_01_transactions_page_loads PASSED [ 61%]
tests/test_stocksense.py::TestTransactions::test_02_transactions_table PASSED [ 63%]
tests/test_stocksense.py::TestTransactions::test_03_transactions_data FAILED [ 65%]
tests/test_stocksense.py::TestTransactions::test_04_transactions_filter FAILED [ 68%]
tests/test_stocksense.py::TestReports::test_01_reports_page_loads PASSED [ 70%]
tests/test_stocksense.py::TestReports::test_02_report_type_selector FAILED [ 72%]
tests/test_stocksense.py::TestReports::test_03_generate_report_button PASSED [ 75%]
tests/test_stocksense.py::TestUsers::test_01_users_page_loads PASSED     [ 77%]
tests/test_stocksense.py::TestUsers::test_02_users_table PASSED          [ 79%]
tests/test_stocksense.py::TestUsers::test_03_users_data PASSED           [ 81%]
tests/test_stocksense.py::TestNotifications::test_01_notifications_page_loads PASSED [ 84%]
tests/test_stocksense.py::TestNotifications::test_02_notification_dropdown PASSED [ 86%]
tests/test_stocksense.py::TestAuditLogs::test_01_audit_logs_page_loads PASSED [ 88%]
tests/test_stocksense.py::TestAuditLogs::test_02_audit_logs_table FAILED [ 90%]
tests/test_stocksense.py::TestResponsive::test_01_mobile_menu_button PASSED [ 93%]
tests/test_stocksense.py::TestResponsive::test_02_desktop_sidebar_visible PASSED [ 95%]
tests/test_stocksense.py::TestAPIEndpoints::test_01_mock_data_endpoint PASSED [ 97%]
tests/test_stocksense.py::TestAPIEndpoints::test_02_categories_api PASSED [100%]

================================== FAILURES ===================================
_____________________ TestDashboard.test_05_charts_render _____________________
tests\test_stocksense.py:239: in test_05_charts_render
    assert element_exists(driver, "chart-transaction-volume"), "Transaction Volume chart should exist"
E   AssertionError: Transaction Volume chart should exist
E   assert False
E    +  where False = element_exists(<selenium.webdriver.chrome.webdriver.WebDriver (session="b8d1f89d822b6d86705c68449578627a")>, 'chart-transaction-volume')
_________________ TestInventory.test_03_stock_items_displayed _________________
tests\test_stocksense.py:359: in test_03_stock_items_displayed
    assert len(rows) > 0, f"Should display stock items, found {len(rows)} rows"
E   AssertionError: Should display stock items, found 0 rows
E   assert 0 > 0
E    +  where 0 = len([])
___________________ TestInventory.test_04_add_stock_button ____________________
tests\test_stocksense.py:371: in test_04_add_stock_button
    assert "/inventory/new" in driver.current_url, "Should navigate to new stock page"
E   AssertionError: Should navigate to new stock page
E   assert '/inventory/new' in 'http://localhost:3000/inventory'
E    +  where 'http://localhost:3000/inventory' = <selenium.webdriver.chrome.webdriver.WebDriver (session="b8d1f89d822b6d86705c68449578627a")>.current_url
_____________________ TestInventory.test_05_search_filter _____________________
tests\test_stocksense.py:390: in test_05_search_filter
    assert found or len(rows) > 0, "Search should return relevant results"
E   AssertionError: Search should return relevant results
E   assert (False or 0 > 0)
E    +  where 0 = len([])
_________________ TestTransactions.test_03_transactions_data __________________
tests\test_stocksense.py:475: in test_03_transactions_data
    assert len(rows) > 0, f"Should display transactions, found {len(rows)} rows"
E   AssertionError: Should display transactions, found 0 rows
E   assert 0 > 0
E    +  where 0 = len([])
________________ TestTransactions.test_04_transactions_filter _________________
tests\test_stocksense.py:482: in test_04_transactions_filter
    assert element_exists(driver, "txn-type-filter"), "Transaction type filter should exist"
E   AssertionError: Transaction type filter should exist
E   assert False
E    +  where False = element_exists(<selenium.webdriver.chrome.webdriver.WebDriver (session="b8d1f89d822b6d86705c68449578627a")>, 'txn-type-filter')
__________________ TestReports.test_02_report_type_selector ___________________
tests\test_stocksense.py:504: in test_02_report_type_selector
    assert element_exists(driver, "report-type-filter"), "Report type selector should exist"
E   AssertionError: Report type selector should exist
E   assert False
E    +  where False = element_exists(<selenium.webdriver.chrome.webdriver.WebDriver (session="b8d1f89d822b6d86705c68449578627a")>, 'report-type-filter')
___________________ TestAuditLogs.test_02_audit_logs_table ____________________
tests\test_stocksense.py:590: in test_02_audit_logs_table
    assert element_exists(driver, "audit-logs-table"), "Audit logs table should exist"
E   AssertionError: Audit logs table should exist
E   assert False
E    +  where False = element_exists(<selenium.webdriver.chrome.webdriver.WebDriver (session="b8d1f89d822b6d86705c68449578627a")>, 'audit-logs-table')
- Generated html report: file:///C:/Users/Arnav/Desktop/Inventory%20Management%20and%20Maintainance%20System/stocksense/tests/selenium_report.html -
=========================== short test summary info ===========================
FAILED tests/test_stocksense.py::TestDashboard::test_05_charts_render - Asser...
FAILED tests/test_stocksense.py::TestInventory::test_03_stock_items_displayed
FAILED tests/test_stocksense.py::TestInventory::test_04_add_stock_button - As...
FAILED tests/test_stocksense.py::TestInventory::test_05_search_filter - Asser...
FAILED tests/test_stocksense.py::TestTransactions::test_03_transactions_data
FAILED tests/test_stocksense.py::TestTransactions::test_04_transactions_filter
FAILED tests/test_stocksense.py::TestReports::test_02_report_type_selector - ...
FAILED tests/test_stocksense.py::TestAuditLogs::test_02_audit_logs_table - As...
================== 8 failed, 36 passed in 231.10s (0:03:51) ===================
